Archive member included to satisfy reference by file (symbol)

c:/program files (x86)/atmel/studio/7.0/toolchain/avr8/avr8-gnu-toolchain/bin/../lib/gcc/avr/5.4.0/avr51\libgcc.a(_udivmodhi4.o)
                              chassisInput.o (__udivmodhi4)
c:/program files (x86)/atmel/studio/7.0/toolchain/avr8/avr8-gnu-toolchain/bin/../lib/gcc/avr/5.4.0/avr51\libgcc.a(_udivmodsi4.o)
                              a2d.o (__udivmodsi4)
c:/program files (x86)/atmel/studio/7.0/toolchain/avr8/avr8-gnu-toolchain/bin/../lib/gcc/avr/5.4.0/avr51\libgcc.a(_exit.o)
                              C:/Program Files (x86)/Atmel/Studio/7.0/Packs/atmel/ATmega_DFP/1.2.209/gcc/dev/atmega1280/avr51/crtatmega1280.o (exit)
c:/program files (x86)/atmel/studio/7.0/toolchain/avr8/avr8-gnu-toolchain/bin/../lib/gcc/avr/5.4.0/avr51\libgcc.a(_tablejump2.o)
                              chassisError.o (__tablejump2__)
c:/program files (x86)/atmel/studio/7.0/toolchain/avr8/avr8-gnu-toolchain/bin/../lib/gcc/avr/5.4.0/avr51\libgcc.a(_copy_data.o)
                              chassisError.o (__do_copy_data)
c:/program files (x86)/atmel/studio/7.0/toolchain/avr8/avr8-gnu-toolchain/bin/../lib/gcc/avr/5.4.0/avr51\libgcc.a(_clear_bss.o)
                              chassisError.o (__do_clear_bss)
c:/program files (x86)/atmel/studio/7.0/toolchain/avr8/avr8-gnu-toolchain/bin/../lib/gcc/avr/5.4.0/avr51\libgcc.a(_umulhisi3.o)
                              a2d.o (__umulhisi3)
c:/program files (x86)/atmel/studio/7.0/toolchain/avr8/avr8-gnu-toolchain/bin/../lib/gcc/avr/5.4.0/../../../../avr/lib/avr51\libc.a(memcpy.o)
                              MCP2515.o (memcpy)
c:/program files (x86)/atmel/studio/7.0/toolchain/avr8/avr8-gnu-toolchain/bin/../lib/gcc/avr/5.4.0/../../../../avr/lib/avr51\libc.a(snprintf.o)
                              chassisError.o (snprintf)
c:/program files (x86)/atmel/studio/7.0/toolchain/avr8/avr8-gnu-toolchain/bin/../lib/gcc/avr/5.4.0/../../../../avr/lib/avr51\libc.a(vfprintf_std.o)
                              c:/program files (x86)/atmel/studio/7.0/toolchain/avr8/avr8-gnu-toolchain/bin/../lib/gcc/avr/5.4.0/../../../../avr/lib/avr51\libc.a(snprintf.o) (vfprintf)
c:/program files (x86)/atmel/studio/7.0/toolchain/avr8/avr8-gnu-toolchain/bin/../lib/gcc/avr/5.4.0/../../../../avr/lib/avr51\libc.a(strnlen_P.o)
                              c:/program files (x86)/atmel/studio/7.0/toolchain/avr8/avr8-gnu-toolchain/bin/../lib/gcc/avr/5.4.0/../../../../avr/lib/avr51\libc.a(vfprintf_std.o) (strnlen_P)
c:/program files (x86)/atmel/studio/7.0/toolchain/avr8/avr8-gnu-toolchain/bin/../lib/gcc/avr/5.4.0/../../../../avr/lib/avr51\libc.a(strnlen.o)
                              c:/program files (x86)/atmel/studio/7.0/toolchain/avr8/avr8-gnu-toolchain/bin/../lib/gcc/avr/5.4.0/../../../../avr/lib/avr51\libc.a(vfprintf_std.o) (strnlen)
c:/program files (x86)/atmel/studio/7.0/toolchain/avr8/avr8-gnu-toolchain/bin/../lib/gcc/avr/5.4.0/../../../../avr/lib/avr51\libc.a(fputc.o)
                              c:/program files (x86)/atmel/studio/7.0/toolchain/avr8/avr8-gnu-toolchain/bin/../lib/gcc/avr/5.4.0/../../../../avr/lib/avr51\libc.a(vfprintf_std.o) (fputc)
c:/program files (x86)/atmel/studio/7.0/toolchain/avr8/avr8-gnu-toolchain/bin/../lib/gcc/avr/5.4.0/../../../../avr/lib/avr51\libc.a(ultoa_invert.o)
                              c:/program files (x86)/atmel/studio/7.0/toolchain/avr8/avr8-gnu-toolchain/bin/../lib/gcc/avr/5.4.0/../../../../avr/lib/avr51\libc.a(vfprintf_std.o) (__ultoa_invert)

Allocating common symbols
Common symbol       size              file

inverters           0x24              chassisInverter.o
portKey             0x1               chassisError.o

Discarded input sections

 .data          0x00000000        0x0 C:/Program Files (x86)/Atmel/Studio/7.0/Packs/atmel/ATmega_DFP/1.2.209/gcc/dev/atmega1280/avr51/crtatmega1280.o
 .bss           0x00000000        0x0 C:/Program Files (x86)/Atmel/Studio/7.0/Packs/atmel/ATmega_DFP/1.2.209/gcc/dev/atmega1280/avr51/crtatmega1280.o
 .text          0x00000000        0x0 a2d.o
 .data          0x00000000        0x0 a2d.o
 .bss           0x00000000        0x0 a2d.o
 .text.a2dOff   0x00000000        0xc a2d.o
 .text.a2dSetChannel
                0x00000000       0x12 a2d.o
 .text.a2d_10bit
                0x00000000       0x1a a2d.o
 .text.a2d_8bit
                0x00000000        0xe a2d.o
 .text.a2dFrom_mV
                0x00000000       0x18 a2d.o
 .text.a2dmVFrom_a2d
                0x00000000       0x16 a2d.o
 .text.d2a_10bit
                0x00000000       0x20 a2d.o
 .text          0x00000000        0x0 chassisCAN.o
 .data          0x00000000        0x0 chassisCAN.o
 .bss           0x00000000        0x0 chassisCAN.o
 .text.CAN_ID_constructor
                0x00000000       0x78 chassisCAN.o
 .text          0x00000000        0x0 chassisEEPROM.o
 .data          0x00000000        0x0 chassisEEPROM.o
 .bss           0x00000000        0x0 chassisEEPROM.o
 .text.eeprom_read_char
                0x00000000        0xe chassisEEPROM.o
 .text.eeprom_read_int8
                0x00000000        0xe chassisEEPROM.o
 .text.eeprom_read_int16
                0x00000000       0x40 chassisEEPROM.o
 .text.eeprom_write_char
                0x00000000       0x10 chassisEEPROM.o
 .text.eeprom_write_int8
                0x00000000       0x10 chassisEEPROM.o
 .text.eeprom_write_int16
                0x00000000       0x3a chassisEEPROM.o
 .debug_info    0x00000000      0x21e chassisEEPROM.o
 .debug_abbrev  0x00000000      0x109 chassisEEPROM.o
 .debug_loc     0x00000000      0x1bf chassisEEPROM.o
 .debug_aranges
                0x00000000       0x48 chassisEEPROM.o
 .debug_ranges  0x00000000       0x38 chassisEEPROM.o
 .debug_line    0x00000000      0x211 chassisEEPROM.o
 .debug_str     0x00000000      0x251 chassisEEPROM.o
 .comment       0x00000000       0x31 chassisEEPROM.o
 .debug_frame   0x00000000       0x94 chassisEEPROM.o
 .text          0x00000000        0x0 chassisError.o
 .data          0x00000000        0x0 chassisError.o
 .bss           0x00000000        0x0 chassisError.o
 .text.shutdown_probe
                0x00000000        0x2 chassisError.o
 .text.shutdown_state
                0x00000000        0x2 chassisError.o
 .bss.SHDN_FLAGS
                0x00000000        0x1 chassisError.o
 .text          0x00000000        0x0 chassisInit.o
 .data          0x00000000        0x0 chassisInit.o
 .bss           0x00000000        0x0 chassisInit.o
 .text          0x00000000        0x0 chassisInput.o
 .data          0x00000000        0x0 chassisInput.o
 .bss           0x00000000        0x0 chassisInput.o
 .text.INPUT_read_steeringWheel
                0x00000000       0x32 chassisInput.o
 .text.INPUT_get_steeringWheel
                0x00000000       0x72 chassisInput.o
 .text.INPUT_read_brakePressureFront
                0x00000000       0x7c chassisInput.o
 .text.INPUT_get_brakePressureFront
                0x00000000       0x4e chassisInput.o
 .text.INPUT_get_brakePressureBack
                0x00000000       0x4e chassisInput.o
 .text.INPUT_read_brakePressureBack
                0x00000000       0x7c chassisInput.o
 .bss.history.2136
                0x00000000       0x14 chassisInput.o
 .bss.historyIndex.2137
                0x00000000        0x1 chassisInput.o
 .bss.history.2125
                0x00000000       0x14 chassisInput.o
 .bss.historyIndex.2126
                0x00000000        0x1 chassisInput.o
 .bss.history.2113
                0x00000000       0x14 chassisInput.o
 .bss.historyIndex.2114
                0x00000000        0x1 chassisInput.o
 .bss.INPUT_brakePressureBack
                0x00000000        0x1 chassisInput.o
 .bss.INPUT_brakePressureFront
                0x00000000        0x1 chassisInput.o
 .data.INPUT_PRESSURE_BRAKE_LOW
                0x00000000        0x2 chassisInput.o
 .data.INPUT_PRESSURE_BRAKE_HIGH
                0x00000000        0x2 chassisInput.o
 .data.INPUT_STEERING_LEFT
                0x00000000        0x2 chassisInput.o
 .data.INPUT_STEERING_RIGHT
                0x00000000        0x2 chassisInput.o
 .data.INPUT_PEDAL_BRAKE_LIGHT_ON
                0x00000000        0x2 chassisInput.o
 .data.INPUT_PEDAL_BRAKE_CH2_HIGH
                0x00000000        0x2 chassisInput.o
 .text          0x00000000        0x0 chassisInverter.o
 .data          0x00000000        0x0 chassisInverter.o
 .bss           0x00000000        0x0 chassisInverter.o
 .text.inverters_save_data
                0x00000000       0xbe chassisInverter.o
 .bss.inverterDCcurrent
                0x00000000        0x2 chassisInverter.o
 .bss.inverterTemp
                0x00000000        0x2 chassisInverter.o
 .bss.currentRPM
                0x00000000        0x2 chassisInverter.o
 .bss.inverterStatus
                0x00000000        0x1 chassisInverter.o
 .debug_info    0x00000000      0x1a8 chassisInverter.o
 .debug_abbrev  0x00000000       0xe4 chassisInverter.o
 .debug_loc     0x00000000       0xae chassisInverter.o
 .debug_aranges
                0x00000000       0x20 chassisInverter.o
 .debug_ranges  0x00000000       0x10 chassisInverter.o
 .debug_line    0x00000000      0x103 chassisInverter.o
 .debug_str     0x00000000      0x254 chassisInverter.o
 .comment       0x00000000       0x31 chassisInverter.o
 .debug_frame   0x00000000       0x24 chassisInverter.o
 COMMON         0x00000000       0x24 chassisInverter.o
 .text          0x00000000        0x0 chassisLED.o
 .data          0x00000000        0x0 chassisLED.o
 .bss           0x00000000        0x0 chassisLED.o
 .text.led_flash
                0x00000000       0x38 chassisLED.o
 .text.led_off  0x00000000        0xc chassisLED.o
 .text.led_on   0x00000000        0xc chassisLED.o
 .text          0x00000000        0x0 chassisUART.o
 .data          0x00000000        0x0 chassisUART.o
 .bss           0x00000000        0x0 chassisUART.o
 .text.uart_parse_poke
                0x00000000        0xa chassisUART.o
 .text          0x00000000        0x0 main.o
 .data          0x00000000        0x0 main.o
 .bss           0x00000000        0x0 main.o
 .bss.out       0x00000000        0x1 main.o
 .bss.testError
                0x00000000        0x1 main.o
 .text          0x00000000        0x0 MCP2515.o
 .data          0x00000000        0x0 MCP2515.o
 .bss           0x00000000        0x0 MCP2515.o
 .text.MCP2515_receive_status
                0x00000000       0x2c MCP2515.o
 .text.MCP2515_RxBufferRead
                0x00000000       0x7c MCP2515.o
 .text.MCP2515_FilterInit
                0x00000000      0x27e MCP2515.o
 .text.MCP2515_RXInit
                0x00000000      0x132 MCP2515.o
 .text.MCP2515_send_test
                0x00000000       0x54 MCP2515.o
 .text          0x00000000        0x0 SPI.o
 .data          0x00000000        0x0 SPI.o
 .bss           0x00000000        0x0 SPI.o
 .text          0x00000000        0x0 uart10x.o
 .data          0x00000000        0x0 uart10x.o
 .bss           0x00000000        0x0 uart10x.o
 .text.uart1_init
                0x00000000       0x38 uart10x.o
 .text.uart_getc
                0x00000000       0x36 uart10x.o
 .text.uart1_getc
                0x00000000       0x36 uart10x.o
 .text.uart_puts
                0x00000000       0x1e uart10x.o
 .text.uart_puts_p
                0x00000000       0x24 uart10x.o
 .text.uart1_puts_p
                0x00000000       0x24 uart10x.o
 .text.isCharAvailable_1
                0x00000000        0xc uart10x.o
 .text.receiveChar_1
                0x00000000        0x6 uart10x.o
 .text          0x00000000        0x0 c:/program files (x86)/atmel/studio/7.0/toolchain/avr8/avr8-gnu-toolchain/bin/../lib/gcc/avr/5.4.0/avr51\libgcc.a(_udivmodhi4.o)
 .data          0x00000000        0x0 c:/program files (x86)/atmel/studio/7.0/toolchain/avr8/avr8-gnu-toolchain/bin/../lib/gcc/avr/5.4.0/avr51\libgcc.a(_udivmodhi4.o)
 .bss           0x00000000        0x0 c:/program files (x86)/atmel/studio/7.0/toolchain/avr8/avr8-gnu-toolchain/bin/../lib/gcc/avr/5.4.0/avr51\libgcc.a(_udivmodhi4.o)
 .text.libgcc.mul
                0x00000000        0x0 c:/program files (x86)/atmel/studio/7.0/toolchain/avr8/avr8-gnu-toolchain/bin/../lib/gcc/avr/5.4.0/avr51\libgcc.a(_udivmodhi4.o)
 .text.libgcc   0x00000000        0x0 c:/program files (x86)/atmel/studio/7.0/toolchain/avr8/avr8-gnu-toolchain/bin/../lib/gcc/avr/5.4.0/avr51\libgcc.a(_udivmodhi4.o)
 .text.libgcc.prologue
                0x00000000        0x0 c:/program files (x86)/atmel/studio/7.0/toolchain/avr8/avr8-gnu-toolchain/bin/../lib/gcc/avr/5.4.0/avr51\libgcc.a(_udivmodhi4.o)
 .text.libgcc.builtins
                0x00000000        0x0 c:/program files (x86)/atmel/studio/7.0/toolchain/avr8/avr8-gnu-toolchain/bin/../lib/gcc/avr/5.4.0/avr51\libgcc.a(_udivmodhi4.o)
 .text.libgcc.fmul
                0x00000000        0x0 c:/program files (x86)/atmel/studio/7.0/toolchain/avr8/avr8-gnu-toolchain/bin/../lib/gcc/avr/5.4.0/avr51\libgcc.a(_udivmodhi4.o)
 .text.libgcc.fixed
                0x00000000        0x0 c:/program files (x86)/atmel/studio/7.0/toolchain/avr8/avr8-gnu-toolchain/bin/../lib/gcc/avr/5.4.0/avr51\libgcc.a(_udivmodhi4.o)
 .text          0x00000000        0x0 c:/program files (x86)/atmel/studio/7.0/toolchain/avr8/avr8-gnu-toolchain/bin/../lib/gcc/avr/5.4.0/avr51\libgcc.a(_udivmodsi4.o)
 .data          0x00000000        0x0 c:/program files (x86)/atmel/studio/7.0/toolchain/avr8/avr8-gnu-toolchain/bin/../lib/gcc/avr/5.4.0/avr51\libgcc.a(_udivmodsi4.o)
 .bss           0x00000000        0x0 c:/program files (x86)/atmel/studio/7.0/toolchain/avr8/avr8-gnu-toolchain/bin/../lib/gcc/avr/5.4.0/avr51\libgcc.a(_udivmodsi4.o)
 .text.libgcc.mul
                0x00000000        0x0 c:/program files (x86)/atmel/studio/7.0/toolchain/avr8/avr8-gnu-toolchain/bin/../lib/gcc/avr/5.4.0/avr51\libgcc.a(_udivmodsi4.o)
 .text.libgcc.div
                0x00000000       0x44 c:/program files (x86)/atmel/studio/7.0/toolchain/avr8/avr8-gnu-toolchain/bin/../lib/gcc/avr/5.4.0/avr51\libgcc.a(_udivmodsi4.o)
 .text.libgcc   0x00000000        0x0 c:/program files (x86)/atmel/studio/7.0/toolchain/avr8/avr8-gnu-toolchain/bin/../lib/gcc/avr/5.4.0/avr51\libgcc.a(_udivmodsi4.o)
 .text.libgcc.prologue
                0x00000000        0x0 c:/program files (x86)/atmel/studio/7.0/toolchain/avr8/avr8-gnu-toolchain/bin/../lib/gcc/avr/5.4.0/avr51\libgcc.a(_udivmodsi4.o)
 .text.libgcc.builtins
                0x00000000        0x0 c:/program files (x86)/atmel/studio/7.0/toolchain/avr8/avr8-gnu-toolchain/bin/../lib/gcc/avr/5.4.0/avr51\libgcc.a(_udivmodsi4.o)
 .text.libgcc.fmul
                0x00000000        0x0 c:/program files (x86)/atmel/studio/7.0/toolchain/avr8/avr8-gnu-toolchain/bin/../lib/gcc/avr/5.4.0/avr51\libgcc.a(_udivmodsi4.o)
 .text.libgcc.fixed
                0x00000000        0x0 c:/program files (x86)/atmel/studio/7.0/toolchain/avr8/avr8-gnu-toolchain/bin/../lib/gcc/avr/5.4.0/avr51\libgcc.a(_udivmodsi4.o)
 .text          0x00000000        0x0 c:/program files (x86)/atmel/studio/7.0/toolchain/avr8/avr8-gnu-toolchain/bin/../lib/gcc/avr/5.4.0/avr51\libgcc.a(_exit.o)
 .data          0x00000000        0x0 c:/program files (x86)/atmel/studio/7.0/toolchain/avr8/avr8-gnu-toolchain/bin/../lib/gcc/avr/5.4.0/avr51\libgcc.a(_exit.o)
 .bss           0x00000000        0x0 c:/program files (x86)/atmel/studio/7.0/toolchain/avr8/avr8-gnu-toolchain/bin/../lib/gcc/avr/5.4.0/avr51\libgcc.a(_exit.o)
 .text.libgcc.mul
                0x00000000        0x0 c:/program files (x86)/atmel/studio/7.0/toolchain/avr8/avr8-gnu-toolchain/bin/../lib/gcc/avr/5.4.0/avr51\libgcc.a(_exit.o)
 .text.libgcc.div
                0x00000000        0x0 c:/program files (x86)/atmel/studio/7.0/toolchain/avr8/avr8-gnu-toolchain/bin/../lib/gcc/avr/5.4.0/avr51\libgcc.a(_exit.o)
 .text.libgcc   0x00000000        0x0 c:/program files (x86)/atmel/studio/7.0/toolchain/avr8/avr8-gnu-toolchain/bin/../lib/gcc/avr/5.4.0/avr51\libgcc.a(_exit.o)
 .text.libgcc.prologue
                0x00000000        0x0 c:/program files (x86)/atmel/studio/7.0/toolchain/avr8/avr8-gnu-toolchain/bin/../lib/gcc/avr/5.4.0/avr51\libgcc.a(_exit.o)
 .text.libgcc.builtins
                0x00000000        0x0 c:/program files (x86)/atmel/studio/7.0/toolchain/avr8/avr8-gnu-toolchain/bin/../lib/gcc/avr/5.4.0/avr51\libgcc.a(_exit.o)
 .text.libgcc.fmul
                0x00000000        0x0 c:/program files (x86)/atmel/studio/7.0/toolchain/avr8/avr8-gnu-toolchain/bin/../lib/gcc/avr/5.4.0/avr51\libgcc.a(_exit.o)
 .text.libgcc.fixed
                0x00000000        0x0 c:/program files (x86)/atmel/studio/7.0/toolchain/avr8/avr8-gnu-toolchain/bin/../lib/gcc/avr/5.4.0/avr51\libgcc.a(_exit.o)
 .text          0x00000000        0x0 c:/program files (x86)/atmel/studio/7.0/toolchain/avr8/avr8-gnu-toolchain/bin/../lib/gcc/avr/5.4.0/avr51\libgcc.a(_tablejump2.o)
 .data          0x00000000        0x0 c:/program files (x86)/atmel/studio/7.0/toolchain/avr8/avr8-gnu-toolchain/bin/../lib/gcc/avr/5.4.0/avr51\libgcc.a(_tablejump2.o)
 .bss           0x00000000        0x0 c:/program files (x86)/atmel/studio/7.0/toolchain/avr8/avr8-gnu-toolchain/bin/../lib/gcc/avr/5.4.0/avr51\libgcc.a(_tablejump2.o)
 .text.libgcc.mul
                0x00000000        0x0 c:/program files (x86)/atmel/studio/7.0/toolchain/avr8/avr8-gnu-toolchain/bin/../lib/gcc/avr/5.4.0/avr51\libgcc.a(_tablejump2.o)
 .text.libgcc.div
                0x00000000        0x0 c:/program files (x86)/atmel/studio/7.0/toolchain/avr8/avr8-gnu-toolchain/bin/../lib/gcc/avr/5.4.0/avr51\libgcc.a(_tablejump2.o)
 .text.libgcc.prologue
                0x00000000        0x0 c:/program files (x86)/atmel/studio/7.0/toolchain/avr8/avr8-gnu-toolchain/bin/../lib/gcc/avr/5.4.0/avr51\libgcc.a(_tablejump2.o)
 .text.libgcc.builtins
                0x00000000        0x0 c:/program files (x86)/atmel/studio/7.0/toolchain/avr8/avr8-gnu-toolchain/bin/../lib/gcc/avr/5.4.0/avr51\libgcc.a(_tablejump2.o)
 .text.libgcc.fmul
                0x00000000        0x0 c:/program files (x86)/atmel/studio/7.0/toolchain/avr8/avr8-gnu-toolchain/bin/../lib/gcc/avr/5.4.0/avr51\libgcc.a(_tablejump2.o)
 .text.libgcc.fixed
                0x00000000        0x0 c:/program files (x86)/atmel/studio/7.0/toolchain/avr8/avr8-gnu-toolchain/bin/../lib/gcc/avr/5.4.0/avr51\libgcc.a(_tablejump2.o)
 .text          0x00000000        0x0 c:/program files (x86)/atmel/studio/7.0/toolchain/avr8/avr8-gnu-toolchain/bin/../lib/gcc/avr/5.4.0/avr51\libgcc.a(_copy_data.o)
 .data          0x00000000        0x0 c:/program files (x86)/atmel/studio/7.0/toolchain/avr8/avr8-gnu-toolchain/bin/../lib/gcc/avr/5.4.0/avr51\libgcc.a(_copy_data.o)
 .bss           0x00000000        0x0 c:/program files (x86)/atmel/studio/7.0/toolchain/avr8/avr8-gnu-toolchain/bin/../lib/gcc/avr/5.4.0/avr51\libgcc.a(_copy_data.o)
 .text.libgcc.mul
                0x00000000        0x0 c:/program files (x86)/atmel/studio/7.0/toolchain/avr8/avr8-gnu-toolchain/bin/../lib/gcc/avr/5.4.0/avr51\libgcc.a(_copy_data.o)
 .text.libgcc.div
                0x00000000        0x0 c:/program files (x86)/atmel/studio/7.0/toolchain/avr8/avr8-gnu-toolchain/bin/../lib/gcc/avr/5.4.0/avr51\libgcc.a(_copy_data.o)
 .text.libgcc   0x00000000        0x0 c:/program files (x86)/atmel/studio/7.0/toolchain/avr8/avr8-gnu-toolchain/bin/../lib/gcc/avr/5.4.0/avr51\libgcc.a(_copy_data.o)
 .text.libgcc.prologue
                0x00000000        0x0 c:/program files (x86)/atmel/studio/7.0/toolchain/avr8/avr8-gnu-toolchain/bin/../lib/gcc/avr/5.4.0/avr51\libgcc.a(_copy_data.o)
 .text.libgcc.builtins
                0x00000000        0x0 c:/program files (x86)/atmel/studio/7.0/toolchain/avr8/avr8-gnu-toolchain/bin/../lib/gcc/avr/5.4.0/avr51\libgcc.a(_copy_data.o)
 .text.libgcc.fmul
                0x00000000        0x0 c:/program files (x86)/atmel/studio/7.0/toolchain/avr8/avr8-gnu-toolchain/bin/../lib/gcc/avr/5.4.0/avr51\libgcc.a(_copy_data.o)
 .text.libgcc.fixed
                0x00000000        0x0 c:/program files (x86)/atmel/studio/7.0/toolchain/avr8/avr8-gnu-toolchain/bin/../lib/gcc/avr/5.4.0/avr51\libgcc.a(_copy_data.o)
 .text          0x00000000        0x0 c:/program files (x86)/atmel/studio/7.0/toolchain/avr8/avr8-gnu-toolchain/bin/../lib/gcc/avr/5.4.0/avr51\libgcc.a(_clear_bss.o)
 .data          0x00000000        0x0 c:/program files (x86)/atmel/studio/7.0/toolchain/avr8/avr8-gnu-toolchain/bin/../lib/gcc/avr/5.4.0/avr51\libgcc.a(_clear_bss.o)
 .bss           0x00000000        0x0 c:/program files (x86)/atmel/studio/7.0/toolchain/avr8/avr8-gnu-toolchain/bin/../lib/gcc/avr/5.4.0/avr51\libgcc.a(_clear_bss.o)
 .text.libgcc.mul
                0x00000000        0x0 c:/program files (x86)/atmel/studio/7.0/toolchain/avr8/avr8-gnu-toolchain/bin/../lib/gcc/avr/5.4.0/avr51\libgcc.a(_clear_bss.o)
 .text.libgcc.div
                0x00000000        0x0 c:/program files (x86)/atmel/studio/7.0/toolchain/avr8/avr8-gnu-toolchain/bin/../lib/gcc/avr/5.4.0/avr51\libgcc.a(_clear_bss.o)
 .text.libgcc   0x00000000        0x0 c:/program files (x86)/atmel/studio/7.0/toolchain/avr8/avr8-gnu-toolchain/bin/../lib/gcc/avr/5.4.0/avr51\libgcc.a(_clear_bss.o)
 .text.libgcc.prologue
                0x00000000        0x0 c:/program files (x86)/atmel/studio/7.0/toolchain/avr8/avr8-gnu-toolchain/bin/../lib/gcc/avr/5.4.0/avr51\libgcc.a(_clear_bss.o)
 .text.libgcc.builtins
                0x00000000        0x0 c:/program files (x86)/atmel/studio/7.0/toolchain/avr8/avr8-gnu-toolchain/bin/../lib/gcc/avr/5.4.0/avr51\libgcc.a(_clear_bss.o)
 .text.libgcc.fmul
                0x00000000        0x0 c:/program files (x86)/atmel/studio/7.0/toolchain/avr8/avr8-gnu-toolchain/bin/../lib/gcc/avr/5.4.0/avr51\libgcc.a(_clear_bss.o)
 .text.libgcc.fixed
                0x00000000        0x0 c:/program files (x86)/atmel/studio/7.0/toolchain/avr8/avr8-gnu-toolchain/bin/../lib/gcc/avr/5.4.0/avr51\libgcc.a(_clear_bss.o)
 .text          0x00000000        0x0 c:/program files (x86)/atmel/studio/7.0/toolchain/avr8/avr8-gnu-toolchain/bin/../lib/gcc/avr/5.4.0/avr51\libgcc.a(_umulhisi3.o)
 .data          0x00000000        0x0 c:/program files (x86)/atmel/studio/7.0/toolchain/avr8/avr8-gnu-toolchain/bin/../lib/gcc/avr/5.4.0/avr51\libgcc.a(_umulhisi3.o)
 .bss           0x00000000        0x0 c:/program files (x86)/atmel/studio/7.0/toolchain/avr8/avr8-gnu-toolchain/bin/../lib/gcc/avr/5.4.0/avr51\libgcc.a(_umulhisi3.o)
 .text.libgcc.mul
                0x00000000       0x1e c:/program files (x86)/atmel/studio/7.0/toolchain/avr8/avr8-gnu-toolchain/bin/../lib/gcc/avr/5.4.0/avr51\libgcc.a(_umulhisi3.o)
 .text.libgcc.div
                0x00000000        0x0 c:/program files (x86)/atmel/studio/7.0/toolchain/avr8/avr8-gnu-toolchain/bin/../lib/gcc/avr/5.4.0/avr51\libgcc.a(_umulhisi3.o)
 .text.libgcc   0x00000000        0x0 c:/program files (x86)/atmel/studio/7.0/toolchain/avr8/avr8-gnu-toolchain/bin/../lib/gcc/avr/5.4.0/avr51\libgcc.a(_umulhisi3.o)
 .text.libgcc.prologue
                0x00000000        0x0 c:/program files (x86)/atmel/studio/7.0/toolchain/avr8/avr8-gnu-toolchain/bin/../lib/gcc/avr/5.4.0/avr51\libgcc.a(_umulhisi3.o)
 .text.libgcc.builtins
                0x00000000        0x0 c:/program files (x86)/atmel/studio/7.0/toolchain/avr8/avr8-gnu-toolchain/bin/../lib/gcc/avr/5.4.0/avr51\libgcc.a(_umulhisi3.o)
 .text.libgcc.fmul
                0x00000000        0x0 c:/program files (x86)/atmel/studio/7.0/toolchain/avr8/avr8-gnu-toolchain/bin/../lib/gcc/avr/5.4.0/avr51\libgcc.a(_umulhisi3.o)
 .text.libgcc.fixed
                0x00000000        0x0 c:/program files (x86)/atmel/studio/7.0/toolchain/avr8/avr8-gnu-toolchain/bin/../lib/gcc/avr/5.4.0/avr51\libgcc.a(_umulhisi3.o)
 .text          0x00000000        0x0 c:/program files (x86)/atmel/studio/7.0/toolchain/avr8/avr8-gnu-toolchain/bin/../lib/gcc/avr/5.4.0/../../../../avr/lib/avr51\libc.a(memcpy.o)
 .data          0x00000000        0x0 c:/program files (x86)/atmel/studio/7.0/toolchain/avr8/avr8-gnu-toolchain/bin/../lib/gcc/avr/5.4.0/../../../../avr/lib/avr51\libc.a(memcpy.o)
 .bss           0x00000000        0x0 c:/program files (x86)/atmel/studio/7.0/toolchain/avr8/avr8-gnu-toolchain/bin/../lib/gcc/avr/5.4.0/../../../../avr/lib/avr51\libc.a(memcpy.o)
 .text          0x00000000        0x0 c:/program files (x86)/atmel/studio/7.0/toolchain/avr8/avr8-gnu-toolchain/bin/../lib/gcc/avr/5.4.0/../../../../avr/lib/avr51\libc.a(snprintf.o)
 .data          0x00000000        0x0 c:/program files (x86)/atmel/studio/7.0/toolchain/avr8/avr8-gnu-toolchain/bin/../lib/gcc/avr/5.4.0/../../../../avr/lib/avr51\libc.a(snprintf.o)
 .bss           0x00000000        0x0 c:/program files (x86)/atmel/studio/7.0/toolchain/avr8/avr8-gnu-toolchain/bin/../lib/gcc/avr/5.4.0/../../../../avr/lib/avr51\libc.a(snprintf.o)
 .text          0x00000000        0x0 c:/program files (x86)/atmel/studio/7.0/toolchain/avr8/avr8-gnu-toolchain/bin/../lib/gcc/avr/5.4.0/../../../../avr/lib/avr51\libc.a(vfprintf_std.o)
 .data          0x00000000        0x0 c:/program files (x86)/atmel/studio/7.0/toolchain/avr8/avr8-gnu-toolchain/bin/../lib/gcc/avr/5.4.0/../../../../avr/lib/avr51\libc.a(vfprintf_std.o)
 .bss           0x00000000        0x0 c:/program files (x86)/atmel/studio/7.0/toolchain/avr8/avr8-gnu-toolchain/bin/../lib/gcc/avr/5.4.0/../../../../avr/lib/avr51\libc.a(vfprintf_std.o)
 .text          0x00000000        0x0 c:/program files (x86)/atmel/studio/7.0/toolchain/avr8/avr8-gnu-toolchain/bin/../lib/gcc/avr/5.4.0/../../../../avr/lib/avr51\libc.a(strnlen_P.o)
 .data          0x00000000        0x0 c:/program files (x86)/atmel/studio/7.0/toolchain/avr8/avr8-gnu-toolchain/bin/../lib/gcc/avr/5.4.0/../../../../avr/lib/avr51\libc.a(strnlen_P.o)
 .bss           0x00000000        0x0 c:/program files (x86)/atmel/studio/7.0/toolchain/avr8/avr8-gnu-toolchain/bin/../lib/gcc/avr/5.4.0/../../../../avr/lib/avr51\libc.a(strnlen_P.o)
 .text          0x00000000        0x0 c:/program files (x86)/atmel/studio/7.0/toolchain/avr8/avr8-gnu-toolchain/bin/../lib/gcc/avr/5.4.0/../../../../avr/lib/avr51\libc.a(strnlen.o)
 .data          0x00000000        0x0 c:/program files (x86)/atmel/studio/7.0/toolchain/avr8/avr8-gnu-toolchain/bin/../lib/gcc/avr/5.4.0/../../../../avr/lib/avr51\libc.a(strnlen.o)
 .bss           0x00000000        0x0 c:/program files (x86)/atmel/studio/7.0/toolchain/avr8/avr8-gnu-toolchain/bin/../lib/gcc/avr/5.4.0/../../../../avr/lib/avr51\libc.a(strnlen.o)
 .text          0x00000000        0x0 c:/program files (x86)/atmel/studio/7.0/toolchain/avr8/avr8-gnu-toolchain/bin/../lib/gcc/avr/5.4.0/../../../../avr/lib/avr51\libc.a(fputc.o)
 .data          0x00000000        0x0 c:/program files (x86)/atmel/studio/7.0/toolchain/avr8/avr8-gnu-toolchain/bin/../lib/gcc/avr/5.4.0/../../../../avr/lib/avr51\libc.a(fputc.o)
 .bss           0x00000000        0x0 c:/program files (x86)/atmel/studio/7.0/toolchain/avr8/avr8-gnu-toolchain/bin/../lib/gcc/avr/5.4.0/../../../../avr/lib/avr51\libc.a(fputc.o)
 .text          0x00000000        0x0 c:/program files (x86)/atmel/studio/7.0/toolchain/avr8/avr8-gnu-toolchain/bin/../lib/gcc/avr/5.4.0/../../../../avr/lib/avr51\libc.a(ultoa_invert.o)
 .data          0x00000000        0x0 c:/program files (x86)/atmel/studio/7.0/toolchain/avr8/avr8-gnu-toolchain/bin/../lib/gcc/avr/5.4.0/../../../../avr/lib/avr51\libc.a(ultoa_invert.o)
 .bss           0x00000000        0x0 c:/program files (x86)/atmel/studio/7.0/toolchain/avr8/avr8-gnu-toolchain/bin/../lib/gcc/avr/5.4.0/../../../../avr/lib/avr51\libc.a(ultoa_invert.o)

Memory Configuration

Name             Origin             Length             Attributes
text             0x00000000         0x00020000         xr
data             0x00800100         0x0000ff00         rw !x
eeprom           0x00810000         0x00010000         rw !x
fuse             0x00820000         0x00000003         rw !x
lock             0x00830000         0x00000400         rw !x
signature        0x00840000         0x00000400         rw !x
user_signatures  0x00850000         0x00000400         rw !x
*default*        0x00000000         0xffffffff

Linker script and memory map

Address of section .data set to 0x800200
LOAD C:/Program Files (x86)/Atmel/Studio/7.0/Packs/atmel/ATmega_DFP/1.2.209/gcc/dev/atmega1280/avr51/crtatmega1280.o
LOAD a2d.o
LOAD chassisCAN.o
LOAD chassisEEPROM.o
LOAD chassisError.o
LOAD chassisInit.o
LOAD chassisInput.o
LOAD chassisInverter.o
LOAD chassisLED.o
LOAD chassisUART.o
LOAD main.o
LOAD MCP2515.o
LOAD SPI.o
LOAD uart10x.o
START GROUP
LOAD c:/program files (x86)/atmel/studio/7.0/toolchain/avr8/avr8-gnu-toolchain/bin/../lib/gcc/avr/5.4.0/../../../../avr/lib/avr51\libm.a
END GROUP
START GROUP
LOAD c:/program files (x86)/atmel/studio/7.0/toolchain/avr8/avr8-gnu-toolchain/bin/../lib/gcc/avr/5.4.0/avr51\libgcc.a
LOAD c:/program files (x86)/atmel/studio/7.0/toolchain/avr8/avr8-gnu-toolchain/bin/../lib/gcc/avr/5.4.0/../../../../avr/lib/avr51\libm.a
LOAD c:/program files (x86)/atmel/studio/7.0/toolchain/avr8/avr8-gnu-toolchain/bin/../lib/gcc/avr/5.4.0/../../../../avr/lib/avr51\libc.a
LOAD C:/Program Files (x86)/Atmel/Studio/7.0/Packs/atmel/ATmega_DFP/1.2.209/gcc/dev/atmega1280/avr51\libatmega1280.a
END GROUP
                0x00020000                __TEXT_REGION_LENGTH__ = DEFINED (__TEXT_REGION_LENGTH__)?__TEXT_REGION_LENGTH__:0x20000
                0x0000ff00                __DATA_REGION_LENGTH__ = DEFINED (__DATA_REGION_LENGTH__)?__DATA_REGION_LENGTH__:0xff00
                0x00010000                __EEPROM_REGION_LENGTH__ = DEFINED (__EEPROM_REGION_LENGTH__)?__EEPROM_REGION_LENGTH__:0x10000
                [0x00000003]                __FUSE_REGION_LENGTH__ = DEFINED (__FUSE_REGION_LENGTH__)?__FUSE_REGION_LENGTH__:0x400
                0x00000400                __LOCK_REGION_LENGTH__ = DEFINED (__LOCK_REGION_LENGTH__)?__LOCK_REGION_LENGTH__:0x400
                0x00000400                __SIGNATURE_REGION_LENGTH__ = DEFINED (__SIGNATURE_REGION_LENGTH__)?__SIGNATURE_REGION_LENGTH__:0x400
                0x00000400                __USER_SIGNATURE_REGION_LENGTH__ = DEFINED (__USER_SIGNATURE_REGION_LENGTH__)?__USER_SIGNATURE_REGION_LENGTH__:0x400

.hash
 *(.hash)

.dynsym
 *(.dynsym)

.dynstr
 *(.dynstr)

.gnu.version
 *(.gnu.version)

.gnu.version_d
 *(.gnu.version_d)

.gnu.version_r
 *(.gnu.version_r)

.rel.init
 *(.rel.init)

.rela.init
 *(.rela.init)

.rel.text
 *(.rel.text)
 *(.rel.text.*)
 *(.rel.gnu.linkonce.t*)

.rela.text
 *(.rela.text)
 *(.rela.text.*)
 *(.rela.gnu.linkonce.t*)

.rel.fini
 *(.rel.fini)

.rela.fini
 *(.rela.fini)

.rel.rodata
 *(.rel.rodata)
 *(.rel.rodata.*)
 *(.rel.gnu.linkonce.r*)

.rela.rodata
 *(.rela.rodata)
 *(.rela.rodata.*)
 *(.rela.gnu.linkonce.r*)

.rel.data
 *(.rel.data)
 *(.rel.data.*)
 *(.rel.gnu.linkonce.d*)

.rela.data
 *(.rela.data)
 *(.rela.data.*)
 *(.rela.gnu.linkonce.d*)

.rel.ctors
 *(.rel.ctors)

.rela.ctors
 *(.rela.ctors)

.rel.dtors
 *(.rel.dtors)

.rela.dtors
 *(.rela.dtors)

.rel.got
 *(.rel.got)

.rela.got
 *(.rela.got)

.rel.bss
 *(.rel.bss)

.rela.bss
 *(.rela.bss)

.rel.plt
 *(.rel.plt)

.rela.plt
 *(.rela.plt)

.text           0x00000000     0x1e8c
 *(.vectors)
 .vectors       0x00000000       0xe4 C:/Program Files (x86)/Atmel/Studio/7.0/Packs/atmel/ATmega_DFP/1.2.209/gcc/dev/atmega1280/avr51/crtatmega1280.o
                0x00000000                __vector_default
                0x00000000                __vectors
 *(.vectors)
 *(.progmem.gcc*)
 .progmem.gcc_sw_table.throw_error_code_with_number
                0x000000e4      0x10a chassisError.o
                0x000001ee                . = ALIGN (0x2)
                0x000001ee                __trampolines_start = .
 *(.trampolines)
 .trampolines   0x000001ee        0x0 linker stubs
 *(.trampolines*)
                0x000001ee                __trampolines_end = .
 *libprintf_flt.a:*(.progmem.data)
 *libc.a:*(.progmem.data)
 *(.progmem*)
                0x000001ee                . = ALIGN (0x2)
 *(.jumptables)
 *(.jumptables*)
 *(.lowtext)
 *(.lowtext*)
                0x000001ee                __ctors_start = .
 *(.ctors)
                0x000001ee                __ctors_end = .
                0x000001ee                __dtors_start = .
 *(.dtors)
                0x000001ee                __dtors_end = .
 SORT(*)(.ctors)
 SORT(*)(.dtors)
 *(.init0)
 .init0         0x000001ee        0x0 C:/Program Files (x86)/Atmel/Studio/7.0/Packs/atmel/ATmega_DFP/1.2.209/gcc/dev/atmega1280/avr51/crtatmega1280.o
                0x000001ee                __init
 *(.init0)
 *(.init1)
 *(.init1)
 *(.init2)
 .init2         0x000001ee        0xc C:/Program Files (x86)/Atmel/Studio/7.0/Packs/atmel/ATmega_DFP/1.2.209/gcc/dev/atmega1280/avr51/crtatmega1280.o
 *(.init2)
 *(.init3)
 *(.init3)
 *(.init4)
 .init4         0x000001fa       0x1a c:/program files (x86)/atmel/studio/7.0/toolchain/avr8/avr8-gnu-toolchain/bin/../lib/gcc/avr/5.4.0/avr51\libgcc.a(_copy_data.o)
                0x000001fa                __do_copy_data
 .init4         0x00000214       0x10 c:/program files (x86)/atmel/studio/7.0/toolchain/avr8/avr8-gnu-toolchain/bin/../lib/gcc/avr/5.4.0/avr51\libgcc.a(_clear_bss.o)
                0x00000214                __do_clear_bss
 *(.init4)
 *(.init5)
 *(.init5)
 *(.init6)
 *(.init6)
 *(.init7)
 *(.init7)
 *(.init8)
 *(.init8)
 *(.init9)
 .init9         0x00000224        0x6 C:/Program Files (x86)/Atmel/Studio/7.0/Packs/atmel/ATmega_DFP/1.2.209/gcc/dev/atmega1280/avr51/crtatmega1280.o
 *(.init9)
 *(.text)
 .text          0x0000022a        0x2 C:/Program Files (x86)/Atmel/Studio/7.0/Packs/atmel/ATmega_DFP/1.2.209/gcc/dev/atmega1280/avr51/crtatmega1280.o
                0x0000022a                __vector_38
                0x0000022a                __vector_22
                0x0000022a                __vector_28
                0x0000022a                __vector_32
                0x0000022a                __vector_34
                0x0000022a                __vector_24
                0x0000022a                __vector_12
                0x0000022a                __vector_55
                0x0000022a                __vector_46
                0x0000022a                __bad_interrupt
                0x0000022a                __vector_6
                0x0000022a                __vector_31
                0x0000022a                __vector_35
                0x0000022a                __vector_39
                0x0000022a                __vector_3
                0x0000022a                __vector_23
                0x0000022a                __vector_30
                0x0000022a                __vector_45
                0x0000022a                __vector_11
                0x0000022a                __vector_54
                0x0000022a                __vector_13
                0x0000022a                __vector_19
                0x0000022a                __vector_56
                0x0000022a                __vector_7
                0x0000022a                __vector_49
                0x0000022a                __vector_41
                0x0000022a                __vector_43
                0x0000022a                __vector_27
                0x0000022a                __vector_5
                0x0000022a                __vector_33
                0x0000022a                __vector_47
                0x0000022a                __vector_52
                0x0000022a                __vector_4
                0x0000022a                __vector_44
                0x0000022a                __vector_51
                0x0000022a                __vector_15
                0x0000022a                __vector_29
                0x0000022a                __vector_40
                0x0000022a                __vector_8
                0x0000022a                __vector_48
                0x0000022a                __vector_14
                0x0000022a                __vector_53
                0x0000022a                __vector_10
                0x0000022a                __vector_50
                0x0000022a                __vector_16
                0x0000022a                __vector_18
                0x0000022a                __vector_20
                0x0000022a                __vector_42
                0x0000022c                . = ALIGN (0x2)
 *(.text.*)
 .text.a2dOn    0x0000022c        0xc a2d.o
                0x0000022c                a2dOn
 .text.a2dSetPrescaler
                0x00000238       0x12 a2d.o
                0x00000238                a2dSetPrescaler
 .text.a2dSetReference
                0x0000024a       0x1a a2d.o
                0x0000024a                a2dSetReference
 .text.a2dInit  0x00000264       0x1e a2d.o
                0x00000264                a2dInit
 .text.a2d_10bitCh
                0x00000282       0x54 a2d.o
                0x00000282                a2d_10bitCh
 .text.a2d_8bitCh
                0x000002d6        0xc a2d.o
                0x000002d6                a2d_8bitCh
 .text.CAN_send
                0x000002e2       0x50 chassisCAN.o
                0x000002e2                CAN_send
 .text.CAN_pull_packet
                0x00000332       0x7a chassisCAN.o
                0x00000332                CAN_pull_packet
 .text.send_error_message
                0x000003ac       0x68 chassisError.o
                0x000003ac                send_error_message
 .text.throw_error_code_with_number
                0x00000414      0x4d6 chassisError.o
                0x00000414                throw_error_code_with_number
 .text.throw_error_code
                0x000008ea        0x8 chassisError.o
                0x000008ea                throw_error_code
 .text.external_interrupt_init
                0x000008f2       0x1c chassisInit.o
                0x000008f2                external_interrupt_init
 .text.io_init  0x0000090e       0x4e chassisInit.o
                0x0000090e                io_init
 .text.firmware_init
                0x0000095c       0x28 chassisInit.o
                0x0000095c                firmware_init
 .text.timer_init
                0x00000984       0x38 chassisInit.o
                0x00000984                timer_init
 .text.INPUT_scaleInput
                0x000009bc       0x38 chassisInput.o
                0x000009bc                INPUT_scaleInput
 .text.INPUT_read_accelPedal
                0x000009f4      0x13a chassisInput.o
                0x000009f4                INPUT_read_accelPedal
 .text.INPUT_get_accelPedal
                0x00000b2e       0x78 chassisInput.o
                0x00000b2e                INPUT_get_accelPedal
 .text.INPUT_read_brakePedal
                0x00000ba6      0x138 chassisInput.o
                0x00000ba6                INPUT_read_brakePedal
 .text.INPUT_get_brakePedal
                0x00000cde       0x78 chassisInput.o
                0x00000cde                INPUT_get_brakePedal
 .text.led_toggle
                0x00000d56        0xe chassisLED.o
                0x00000d56                led_toggle
 .text.UART_sendPacket
                0x00000d64       0x3a chassisUART.o
                0x00000d64                UART_sendPacket
 .text.UART_formTestPacket
                0x00000d9e       0x62 chassisUART.o
                0x00000d9e                UART_formTestPacket
 .text.uart_parse_input
                0x00000e00       0x16 chassisUART.o
                0x00000e00                uart_parse_input
 .text.uart_process_byte
                0x00000e16       0x46 chassisUART.o
                0x00000e16                uart_process_byte
 .text.main     0x00000e5c       0x2e main.o
                0x00000e5c                main
 .text.oneKHzTimer
                0x00000e8a      0x206 main.o
                0x00000e8a                oneKHzTimer
 .text.__vector_21
                0x00001090       0x4e main.o
                0x00001090                __vector_21
 .text.__vector_17
                0x000010de       0x14 main.o
                0x000010de                __vector_17
 .text.__vector_2
                0x000010f2       0x82 main.o
                0x000010f2                __vector_2
 .text.__vector_1
                0x00001174       0x80 main.o
                0x00001174                __vector_1
 .text.__vector_9
                0x000011f4       0x80 main.o
                0x000011f4                __vector_9
 .text.MCP2515_CS_low
                0x00001274       0x28 MCP2515.o
                0x00001274                MCP2515_CS_low
 .text.MCP2515_CS_high
                0x0000129c       0x28 MCP2515.o
                0x0000129c                MCP2515_CS_high
 .text.MCP2515_reg_write
                0x000012c4       0x26 MCP2515.o
                0x000012c4                MCP2515_reg_write
 .text.MCP2515_instruction
                0x000012ea       0x18 MCP2515.o
                0x000012ea                MCP2515_instruction
 .text.MCP2515_bit_modify
                0x00001302       0x30 MCP2515.o
                0x00001302                MCP2515_bit_modify
 .text.MCP2515_init
                0x00001332       0x48 MCP2515.o
                0x00001332                MCP2515_init
 .text.MCP2515_PullCanPacket
                0x0000137a      0x102 MCP2515.o
                0x0000137a                MCP2515_PullCanPacket
 .text.MCP2515_reg_read
                0x0000147c       0x24 MCP2515.o
                0x0000147c                MCP2515_reg_read
 .text.MCP2515_findFreeTxBuffer
                0x000014a0       0x32 MCP2515.o
                0x000014a0                MCP2515_findFreeTxBuffer
 .text.MCP2515_TX
                0x000014d2       0xfa MCP2515.o
                0x000014d2                MCP2515_TX
 .text.MCP2515_check_receive_status
                0x000015cc       0x22 MCP2515.o
                0x000015cc                MCP2515_check_receive_status
 .text.SPI_send_byte
                0x000015ee        0xc SPI.o
                0x000015ee                SPI_send_byte
 .text.SPI_init
                0x000015fa        0xc SPI.o
                0x000015fa                SPI_init
 .text.__vector_25
                0x00001606       0x5e uart10x.o
                0x00001606                __vector_25
 .text.__vector_36
                0x00001664       0x5e uart10x.o
                0x00001664                __vector_36
 .text.__vector_26
                0x000016c2       0x5c uart10x.o
                0x000016c2                __vector_26
 .text.__vector_37
                0x0000171e       0x5c uart10x.o
                0x0000171e                __vector_37
 .text.uart_init
                0x0000177a       0x38 uart10x.o
                0x0000177a                uart_init
 .text.uart_putc
                0x000017b2       0x60 uart10x.o
                0x000017b2                uart_putc
 .text.uart1_putc
                0x00001812       0x2a uart10x.o
                0x00001812                uart1_putc
 .text.uart1_puts
                0x0000183c       0x1c uart10x.o
                0x0000183c                uart1_puts
 .text.isCharAvailable
                0x00001858        0xc uart10x.o
                0x00001858                isCharAvailable
 .text.receiveChar
                0x00001864        0x6 uart10x.o
                0x00001864                receiveChar
 .text.libgcc.div
                0x0000186a       0x28 c:/program files (x86)/atmel/studio/7.0/toolchain/avr8/avr8-gnu-toolchain/bin/../lib/gcc/avr/5.4.0/avr51\libgcc.a(_udivmodhi4.o)
                0x0000186a                __udivmodhi4
 .text.libgcc   0x00001892       0x12 c:/program files (x86)/atmel/studio/7.0/toolchain/avr8/avr8-gnu-toolchain/bin/../lib/gcc/avr/5.4.0/avr51\libgcc.a(_tablejump2.o)
                0x00001892                __tablejump2__
 .text.avr-libc
                0x000018a4       0x12 c:/program files (x86)/atmel/studio/7.0/toolchain/avr8/avr8-gnu-toolchain/bin/../lib/gcc/avr/5.4.0/../../../../avr/lib/avr51\libc.a(memcpy.o)
                0x000018a4                memcpy
 .text.avr-libc
                0x000018b6       0x78 c:/program files (x86)/atmel/studio/7.0/toolchain/avr8/avr8-gnu-toolchain/bin/../lib/gcc/avr/5.4.0/../../../../avr/lib/avr51\libc.a(snprintf.o)
                0x000018b6                snprintf
 .text.avr-libc
                0x0000192e      0x3fa c:/program files (x86)/atmel/studio/7.0/toolchain/avr8/avr8-gnu-toolchain/bin/../lib/gcc/avr/5.4.0/../../../../avr/lib/avr51\libc.a(vfprintf_std.o)
                0x0000192e                vfprintf
 .text.avr-libc
                0x00001d28       0x16 c:/program files (x86)/atmel/studio/7.0/toolchain/avr8/avr8-gnu-toolchain/bin/../lib/gcc/avr/5.4.0/../../../../avr/lib/avr51\libc.a(strnlen_P.o)
                0x00001d28                strnlen_P
 .text.avr-libc
                0x00001d3e       0x16 c:/program files (x86)/atmel/studio/7.0/toolchain/avr8/avr8-gnu-toolchain/bin/../lib/gcc/avr/5.4.0/../../../../avr/lib/avr51\libc.a(strnlen.o)
                0x00001d3e                strnlen
 .text.avr-libc
                0x00001d54       0x78 c:/program files (x86)/atmel/studio/7.0/toolchain/avr8/avr8-gnu-toolchain/bin/../lib/gcc/avr/5.4.0/../../../../avr/lib/avr51\libc.a(fputc.o)
                0x00001d54                fputc
 .text.avr-libc
                0x00001dcc       0xbc c:/program files (x86)/atmel/studio/7.0/toolchain/avr8/avr8-gnu-toolchain/bin/../lib/gcc/avr/5.4.0/../../../../avr/lib/avr51\libc.a(ultoa_invert.o)
                0x00001dcc                __ultoa_invert
                0x00001e88                . = ALIGN (0x2)
 *(.fini9)
 .fini9         0x00001e88        0x0 c:/program files (x86)/atmel/studio/7.0/toolchain/avr8/avr8-gnu-toolchain/bin/../lib/gcc/avr/5.4.0/avr51\libgcc.a(_exit.o)
                0x00001e88                _exit
                0x00001e88                exit
 *(.fini9)
 *(.fini8)
 *(.fini8)
 *(.fini7)
 *(.fini7)
 *(.fini6)
 *(.fini6)
 *(.fini5)
 *(.fini5)
 *(.fini4)
 *(.fini4)
 *(.fini3)
 *(.fini3)
 *(.fini2)
 *(.fini2)
 *(.fini1)
 *(.fini1)
 *(.fini0)
 .fini0         0x00001e88        0x4 c:/program files (x86)/atmel/studio/7.0/toolchain/avr8/avr8-gnu-toolchain/bin/../lib/gcc/avr/5.4.0/avr51\libgcc.a(_exit.o)
 *(.fini0)
                0x00001e8c                _etext = .

.data           0x00800200      0x6fa load address 0x00001e8c
                0x00800200                PROVIDE (__data_start, .)
 *(.data)
 *(.data*)
 .data.INPUT_PEDAL_DELTA_THRESH_H
                0x00800200        0x2 chassisInput.o
                0x00800200                INPUT_PEDAL_DELTA_THRESH_H
 .data.INPUT_PEDAL_THROTTLE_CH2_LOW
                0x00800202        0x2 chassisInput.o
                0x00800202                INPUT_PEDAL_THROTTLE_CH2_LOW
 .data.INPUT_PEDAL_THROTTLE_CH2_HIGH
                0x00800204        0x2 chassisInput.o
                0x00800204                INPUT_PEDAL_THROTTLE_CH2_HIGH
 .data.INPUT_PEDAL_THROTTLE_CH1_LOW
                0x00800206        0x2 chassisInput.o
                0x00800206                INPUT_PEDAL_THROTTLE_CH1_LOW
 .data.INPUT_PEDAL_THROTTLE_CH1_HIGH
                0x00800208        0x2 chassisInput.o
                0x00800208                INPUT_PEDAL_THROTTLE_CH1_HIGH
 .data.INPUT_PEDAL_BRAKE_CH2_LOW
                0x0080020a        0x2 chassisInput.o
                0x0080020a                INPUT_PEDAL_BRAKE_CH2_LOW
 .data.INPUT_PEDAL_BRAKE_CH1_LOW
                0x0080020c        0x2 chassisInput.o
                0x0080020c                INPUT_PEDAL_BRAKE_CH1_LOW
 .data.INPUT_PEDAL_BRAKE_CH1_HIGH
                0x0080020e        0x2 chassisInput.o
                0x0080020e                INPUT_PEDAL_BRAKE_CH1_HIGH
 .data.INPUT_ADC_THRESH
                0x00800210        0x2 chassisInput.o
                0x00800210                INPUT_ADC_THRESH
 .data.INPUT_ADC_ERROR
                0x00800212        0x2 chassisInput.o
                0x00800212                INPUT_ADC_ERROR
 .data.InputSteeringCount.2502
                0x00800214        0x1 main.o
 .data.InputPedalBrakeCount.2501
                0x00800215        0x1 main.o
 .data.InputPedalThrottleCount.2500
                0x00800216        0x1 main.o
 .data.CANheartbeatCountAMU.2499
                0x00800217        0x2 main.o
 .data.CANheartbeatCountShutdown.2498
                0x00800219        0x2 main.o
 .data.CANheartbeatCountPDM.2497
                0x0080021b        0x2 main.o
 .data.CANheartbeatCountWheel.2496
                0x0080021d        0x2 main.o
 .data.WheelArray
                0x0080021f        0x8 main.o
                0x0080021f                WheelArray
 *(.gnu.linkonce.d*)
 *(.rodata)
 *(.rodata*)
 .rodata.str1.1
                0x00800227      0x6c5 chassisError.o
 .rodata.str1.1
                0x008008ec        0xe main.o
 *(.gnu.linkonce.r*)
                0x008008fa                . = ALIGN (0x2)
                0x008008fa                _edata = .
                0x008008fa                PROVIDE (__data_end, .)

.bss            0x008008fa      0x12f
                0x008008fa                PROVIDE (__bss_start, .)
 *(.bss)
 *(.bss*)
 .bss.secondaryHistory.2099
                0x008008fa       0x14 chassisInput.o
 .bss.primaryHistory.2098
                0x0080090e       0x14 chassisInput.o
 .bss.historyIndex.2100
                0x00800922        0x1 chassisInput.o
 .bss.secondaryHistory.2084
                0x00800923       0x14 chassisInput.o
 .bss.primaryHistory.2083
                0x00800937       0x14 chassisInput.o
 .bss.historyIndex.2085
                0x0080094b        0x1 chassisInput.o
 .bss.INPUT_brakePedal
                0x0080094c        0x1 chassisInput.o
                0x0080094c                INPUT_brakePedal
 .bss.INPUT_accelerationPedal
                0x0080094d        0x1 chassisInput.o
                0x0080094d                INPUT_accelerationPedal
 .bss.INPUT_steeringAngle
                0x0080094e        0x1 chassisInput.o
                0x0080094e                INPUT_steeringAngle
 .bss.INPUT_PEDAL_DELTA_THRESH_L
                0x0080094f        0x2 chassisInput.o
                0x0080094f                INPUT_PEDAL_DELTA_THRESH_L
 .bss.fakeThrottle.2439
                0x00800951        0x1 chassisUART.o
 .bss.incomingString.2428
                0x00800952       0x30 chassisUART.o
 .bss.count.2427
                0x00800982        0x1 chassisUART.o
 .bss.stringActive.2429
                0x00800983        0x1 chassisUART.o
 .bss.CANheartbeatCountInverters.2495
                0x00800984        0x2 main.o
 .bss.test_counter.2494
                0x00800986        0x2 main.o
 .bss.PDMarray  0x00800988        0x8 main.o
                0x00800988                PDMarray
 .bss.inverterArray
                0x00800990        0x8 main.o
                0x00800990                inverterArray
 .bss.shutdownState
                0x00800998        0x1 main.o
                0x00800998                shutdownState
 .bss.armedState
                0x00800999        0x1 main.o
                0x00800999                armedState
 .bss.ignitionState
                0x0080099a        0x1 main.o
                0x0080099a                ignitionState
 .bss.ignitionStateLock
                0x0080099b        0x1 main.o
                0x0080099b                ignitionStateLock
 .bss.ignitionStateDebounceCount
                0x0080099c        0x2 main.o
                0x0080099c                ignitionStateDebounceCount
 .bss.UART1_LastRxError
                0x0080099e        0x1 uart10x.o
 .bss.UART1_RxTail
                0x0080099f        0x1 uart10x.o
 .bss.UART1_RxHead
                0x008009a0        0x1 uart10x.o
 .bss.UART1_TxTail
                0x008009a1        0x1 uart10x.o
 .bss.UART1_TxHead
                0x008009a2        0x1 uart10x.o
 .bss.UART1_RxBuf
                0x008009a3       0x20 uart10x.o
 .bss.UART1_TxBuf
                0x008009c3       0x20 uart10x.o
 .bss.UART_LastRxError
                0x008009e3        0x1 uart10x.o
 .bss.UART_RxTail
                0x008009e4        0x1 uart10x.o
 .bss.UART_RxHead
                0x008009e5        0x1 uart10x.o
 .bss.UART_TxTail
                0x008009e6        0x1 uart10x.o
 .bss.UART_TxHead
                0x008009e7        0x1 uart10x.o
 .bss.UART_RxBuf
                0x008009e8       0x20 uart10x.o
 .bss.UART_TxBuf
                0x00800a08       0x20 uart10x.o
 *(COMMON)
 COMMON         0x00800a28        0x1 chassisError.o
                0x00800a28                portKey
                0x00800a29                PROVIDE (__bss_end, .)
                0x00001e8c                __data_load_start = LOADADDR (.data)
                0x00002586                __data_load_end = (__data_load_start + SIZEOF (.data))

.noinit         0x00800a29        0x0
                [!provide]                PROVIDE (__noinit_start, .)
 *(.noinit*)
                [!provide]                PROVIDE (__noinit_end, .)
                0x00800a29                _end = .
                [!provide]                PROVIDE (__heap_start, .)

.eeprom         0x00810000        0x0
 *(.eeprom*)
                0x00810000                __eeprom_end = .

.fuse
 *(.fuse)
 *(.lfuse)
 *(.hfuse)
 *(.efuse)

.lock
 *(.lock*)

.signature
 *(.signature*)

.user_signatures
 *(.user_signatures*)

.stab
 *(.stab)

.stabstr
 *(.stabstr)

.stab.excl
 *(.stab.excl)

.stab.exclstr
 *(.stab.exclstr)

.stab.index
 *(.stab.index)

.stab.indexstr
 *(.stab.indexstr)

.comment        0x00000000       0x5c
 *(.comment)
 .comment       0x00000000       0x30 a2d.o
                                 0x31 (size before relaxing)
 .comment       0x00000030       0x31 chassisCAN.o
 .comment       0x00000030       0x31 chassisError.o
 .comment       0x00000030       0x31 chassisInit.o
 .comment       0x00000030       0x31 chassisInput.o
 .comment       0x00000030       0x31 chassisLED.o
 .comment       0x00000030       0x31 chassisUART.o
 .comment       0x00000030       0x31 main.o
 .comment       0x00000030       0x31 MCP2515.o
 .comment       0x00000030       0x31 SPI.o
 .comment       0x00000030       0x31 uart10x.o
 .comment       0x00000030       0x31 c:/program files (x86)/atmel/studio/7.0/toolchain/avr8/avr8-gnu-toolchain/bin/../lib/gcc/avr/5.4.0/../../../../avr/lib/avr51\libc.a(snprintf.o)
 .comment       0x00000030       0x2c c:/program files (x86)/atmel/studio/7.0/toolchain/avr8/avr8-gnu-toolchain/bin/../lib/gcc/avr/5.4.0/../../../../avr/lib/avr51\libc.a(vfprintf_std.o)
                                 0x2d (size before relaxing)
 .comment       0x0000005c       0x31 c:/program files (x86)/atmel/studio/7.0/toolchain/avr8/avr8-gnu-toolchain/bin/../lib/gcc/avr/5.4.0/../../../../avr/lib/avr51\libc.a(fputc.o)

.note.gnu.avr.deviceinfo
                0x00000000       0x40
 .note.gnu.avr.deviceinfo
                0x00000000       0x40 C:/Program Files (x86)/Atmel/Studio/7.0/Packs/atmel/ATmega_DFP/1.2.209/gcc/dev/atmega1280/avr51/crtatmega1280.o

.note.gnu.build-id
 *(.note.gnu.build-id)

.debug
 *(.debug)

.line
 *(.line)

.debug_srcinfo
 *(.debug_srcinfo)

.debug_sfnames
 *(.debug_sfnames)

.debug_aranges  0x00000000      0x3c8
 *(.debug_aranges)
 .debug_aranges
                0x00000000       0x80 a2d.o
 .debug_aranges
                0x00000080       0x30 chassisCAN.o
 .debug_aranges
                0x000000b0       0x40 chassisError.o
 .debug_aranges
                0x000000f0       0x38 chassisInit.o
 .debug_aranges
                0x00000128       0x70 chassisInput.o
 .debug_aranges
                0x00000198       0x38 chassisLED.o
 .debug_aranges
                0x000001d0       0x40 chassisUART.o
 .debug_aranges
                0x00000210       0x50 main.o
 .debug_aranges
                0x00000260       0x98 MCP2515.o
 .debug_aranges
                0x000002f8       0x28 SPI.o
 .debug_aranges
                0x00000320       0xa8 uart10x.o

.debug_pubnames
 *(.debug_pubnames)

.debug_info     0x00000000     0x4be8
 *(.debug_info .gnu.linkonce.wi.*)
 .debug_info    0x00000000      0xbbc C:/Program Files (x86)/Atmel/Studio/7.0/Packs/atmel/ATmega_DFP/1.2.209/gcc/dev/atmega1280/avr51/crtatmega1280.o
 .debug_info    0x00000bbc      0x34e a2d.o
 .debug_info    0x00000f0a      0x30e chassisCAN.o
 .debug_info    0x00001218      0xd8e chassisError.o
 .debug_info    0x00001fa6      0x1b8 chassisInit.o
 .debug_info    0x0000215e      0xa9d chassisInput.o
 .debug_info    0x00002bfb      0x1bf chassisLED.o
 .debug_info    0x00002dba      0x305 chassisUART.o
 .debug_info    0x000030bf      0x625 main.o
 .debug_info    0x000036e4      0xe89 MCP2515.o
 .debug_info    0x0000456d       0xae SPI.o
 .debug_info    0x0000461b      0x5cd uart10x.o

.debug_abbrev   0x00000000     0x18ad
 *(.debug_abbrev)
 .debug_abbrev  0x00000000      0xb1a C:/Program Files (x86)/Atmel/Studio/7.0/Packs/atmel/ATmega_DFP/1.2.209/gcc/dev/atmega1280/avr51/crtatmega1280.o
 .debug_abbrev  0x00000b1a      0x165 a2d.o
 .debug_abbrev  0x00000c7f       0xea chassisCAN.o
 .debug_abbrev  0x00000d69      0x14c chassisError.o
 .debug_abbrev  0x00000eb5       0xd1 chassisInit.o
 .debug_abbrev  0x00000f86      0x1a6 chassisInput.o
 .debug_abbrev  0x0000112c       0xfc chassisLED.o
 .debug_abbrev  0x00001228      0x173 chassisUART.o
 .debug_abbrev  0x0000139b      0x1d5 main.o
 .debug_abbrev  0x00001570      0x178 MCP2515.o
 .debug_abbrev  0x000016e8       0x7a SPI.o
 .debug_abbrev  0x00001762      0x14b uart10x.o

.debug_line     0x00000000     0x2267
 *(.debug_line .debug_line.* .debug_line_end)
 .debug_line    0x00000000      0x1ed C:/Program Files (x86)/Atmel/Studio/7.0/Packs/atmel/ATmega_DFP/1.2.209/gcc/dev/atmega1280/avr51/crtatmega1280.o
 .debug_line    0x000001ed      0x273 a2d.o
 .debug_line    0x00000460      0x11c chassisCAN.o
 .debug_line    0x0000057c      0x4d9 chassisError.o
 .debug_line    0x00000a55      0x1d8 chassisInit.o
 .debug_line    0x00000c2d      0x4c2 chassisInput.o
 .debug_line    0x000010ef      0x193 chassisLED.o
 .debug_line    0x00001282      0x1c6 chassisUART.o
 .debug_line    0x00001448      0x371 main.o
 .debug_line    0x000017b9      0x574 MCP2515.o
 .debug_line    0x00001d2d       0xd6 SPI.o
 .debug_line    0x00001e03      0x464 uart10x.o

.debug_frame    0x00000000      0xbe0
 *(.debug_frame)
 .debug_frame   0x00000000       0xec a2d.o
 .debug_frame   0x000000ec       0xd8 chassisCAN.o
 .debug_frame   0x000001c4       0xb4 chassisError.o
 .debug_frame   0x00000278       0x54 chassisInit.o
 .debug_frame   0x000002cc      0x180 chassisInput.o
 .debug_frame   0x0000044c       0x60 chassisLED.o
 .debug_frame   0x000004ac       0x9c chassisUART.o
 .debug_frame   0x00000548      0x1fc main.o
 .debug_frame   0x00000744      0x27c MCP2515.o
 .debug_frame   0x000009c0       0x34 SPI.o
 .debug_frame   0x000009f4      0x1ec uart10x.o

.debug_str      0x00000000     0x12e0
 *(.debug_str)
 .debug_str     0x00000000      0x3e6 C:/Program Files (x86)/Atmel/Studio/7.0/Packs/atmel/ATmega_DFP/1.2.209/gcc/dev/atmega1280/avr51/crtatmega1280.o
 .debug_str     0x000003e6      0x26f a2d.o
                                0x2a8 (size before relaxing)
 .debug_str     0x00000655       0xbd chassisCAN.o
                                0x275 (size before relaxing)
 .debug_str     0x00000712       0xe3 chassisError.o
                                0x2a8 (size before relaxing)
 .debug_str     0x000007f5       0x6c chassisInit.o
                                0x22e (size before relaxing)
 .debug_str     0x00000861      0x3e3 chassisInput.o
                                0x5e9 (size before relaxing)
 .debug_str     0x00000c44       0x7e chassisLED.o
                                0x22b (size before relaxing)
 .debug_str     0x00000cc2       0xe9 chassisUART.o
                                0x2f5 (size before relaxing)
 .debug_str     0x00000dab      0x1ec main.o
                                0x478 (size before relaxing)
 .debug_str     0x00000f97      0x167 MCP2515.o
                                0x3b8 (size before relaxing)
 .debug_str     0x000010fe        0xb SPI.o
                                0x1c6 (size before relaxing)
 .debug_str     0x00001109      0x1d7 uart10x.o
                                0x3da (size before relaxing)

.debug_loc      0x00000000     0x46bd
 *(.debug_loc)
 .debug_loc     0x00000000      0x3c2 a2d.o
 .debug_loc     0x000003c2      0x3e2 chassisCAN.o
 .debug_loc     0x000007a4     0x19fe chassisError.o
 .debug_loc     0x000021a2      0x96d chassisInput.o
 .debug_loc     0x00002b0f      0x10a chassisLED.o
 .debug_loc     0x00002c19      0x237 chassisUART.o
 .debug_loc     0x00002e50      0x49b main.o
 .debug_loc     0x000032eb      0xd18 MCP2515.o
 .debug_loc     0x00004003       0x1f SPI.o
 .debug_loc     0x00004022      0x69b uart10x.o

.debug_macinfo
 *(.debug_macinfo)

.debug_weaknames
 *(.debug_weaknames)

.debug_funcnames
 *(.debug_funcnames)

.debug_typenames
 *(.debug_typenames)

.debug_varnames
 *(.debug_varnames)

.debug_pubtypes
 *(.debug_pubtypes)

.debug_ranges   0x00000000      0x348
 *(.debug_ranges)
 .debug_ranges  0x00000000       0x70 a2d.o
 .debug_ranges  0x00000070       0x20 chassisCAN.o
 .debug_ranges  0x00000090       0x30 chassisError.o
 .debug_ranges  0x000000c0       0x28 chassisInit.o
 .debug_ranges  0x000000e8       0x60 chassisInput.o
 .debug_ranges  0x00000148       0x28 chassisLED.o
 .debug_ranges  0x00000170       0x30 chassisUART.o
 .debug_ranges  0x000001a0       0x40 main.o
 .debug_ranges  0x000001e0       0x88 MCP2515.o
 .debug_ranges  0x00000268       0x18 SPI.o
 .debug_ranges  0x00000280       0xc8 uart10x.o

.debug_macro
 *(.debug_macro)
OUTPUT(cc_merge2.elf elf32-avr)
LOAD linker stubs
